// Jest Snapshot v1, https://goo.gl/fbAQLP

exports[`TestComponent should render 1`] = `
<div
  className="TestComponent"
>
  Hello Test
</div>
`;
